Component: ARM Compiler 5.06 update 5 (build 528) Tool: armlink [4d35e2]

==============================================================================

Section Cross References

    main.o(.text) refers to keypad.o(.text) for Init_Keypad
    startup_tm4c123.o(RESET) refers to startup_tm4c123.o(STACK) for __initial_sp
    startup_tm4c123.o(RESET) refers to startup_tm4c123.o(.text) for Reset_Handler
    startup_tm4c123.o(.text) refers to system_tm4c123.o(.text) for SystemInit
    startup_tm4c123.o(.text) refers to entry.o(.ARM.Collect$$$$00000000) for __main
    system_tm4c123.o(.text) refers to system_tm4c123.o(.data) for SystemCoreClock
    entry.o(.ARM.Collect$$$$00000000) refers (Special) to entry10a.o(.ARM.Collect$$$$0000000D) for __rt_final_cpp
    entry.o(.ARM.Collect$$$$00000000) refers (Special) to entry11a.o(.ARM.Collect$$$$0000000F) for __rt_final_exit
    entry.o(.ARM.Collect$$$$00000000) refers (Special) to entry7b.o(.ARM.Collect$$$$00000008) for _main_clock
    entry.o(.ARM.Collect$$$$00000000) refers (Special) to entry8b.o(.ARM.Collect$$$$0000000A) for _main_cpp_init
    entry.o(.ARM.Collect$$$$00000000) refers (Special) to entry9a.o(.ARM.Collect$$$$0000000B) for _main_init
    entry.o(.ARM.Collect$$$$00000000) refers (Special) to entry5.o(.ARM.Collect$$$$00000004) for _main_scatterload
    entry.o(.ARM.Collect$$$$00000000) refers (Special) to entry2.o(.ARM.Collect$$$$00000001) for _main_stk
    entry2.o(.ARM.Collect$$$$00000001) refers to entry2.o(.ARM.Collect$$$$00002712) for __lit__00000000
    entry2.o(.ARM.Collect$$$$00002712) refers to startup_tm4c123.o(STACK) for __initial_sp
    entry2.o(__vectab_stack_and_reset_area) refers to startup_tm4c123.o(STACK) for __initial_sp
    entry2.o(__vectab_stack_and_reset_area) refers to entry.o(.ARM.Collect$$$$00000000) for __main
    entry5.o(.ARM.Collect$$$$00000004) refers to init.o(.text) for __scatterload
    entry9a.o(.ARM.Collect$$$$0000000B) refers to main.o(.text) for main
    entry9b.o(.ARM.Collect$$$$0000000C) refers to main.o(.text) for main
    init.o(.text) refers to entry5.o(.ARM.Collect$$$$00000004) for __main_after_scatterload


==============================================================================

Removing Unused input sections from the image.

    Removing startup_tm4c123.o(HEAP), (0 bytes).
    Removing system_tm4c123.o(.rev16_text), (4 bytes).
    Removing system_tm4c123.o(.revsh_text), (4 bytes).
    Removing system_tm4c123.o(.rrx_text), (6 bytes).

4 unused section(s) (total 14 bytes) removed from the image.

==============================================================================

Image Symbol Table

    Local Symbols

    Symbol Name                              Value     Ov Type        Size  Object(Section)

    RESET                                    0x00000000   Section      620  startup_tm4c123.o(RESET)
    ../clib/microlib/init/entry.s            0x00000000   Number         0  entry11b.o ABSOLUTE
    ../clib/microlib/init/entry.s            0x00000000   Number         0  entry8a.o ABSOLUTE
    ../clib/microlib/init/entry.s            0x00000000   Number         0  entry11a.o ABSOLUTE
    ../clib/microlib/init/entry.s            0x00000000   Number         0  entry10b.o ABSOLUTE
    ../clib/microlib/init/entry.s            0x00000000   Number         0  entry10a.o ABSOLUTE
    ../clib/microlib/init/entry.s            0x00000000   Number         0  entry9b.o ABSOLUTE
    ../clib/microlib/init/entry.s            0x00000000   Number         0  entry9a.o ABSOLUTE
    ../clib/microlib/init/entry.s            0x00000000   Number         0  entry.o ABSOLUTE
    ../clib/microlib/init/entry.s            0x00000000   Number         0  entry8b.o ABSOLUTE
    ../clib/microlib/init/entry.s            0x00000000   Number         0  entry5.o ABSOLUTE
    ../clib/microlib/init/entry.s            0x00000000   Number         0  entry2.o ABSOLUTE
    ../clib/microlib/init/entry.s            0x00000000   Number         0  entry7b.o ABSOLUTE
    ../clib/microlib/init/entry.s            0x00000000   Number         0  entry7a.o ABSOLUTE
    LCD.c                                    0x00000000   Number         0  lcd.o ABSOLUTE
    PLL.c                                    0x00000000   Number         0  pll.o ABSOLUTE
    RTE\Device\TM4C123GH6PM\startup_TM4C123.s 0x00000000   Number         0  startup_tm4c123.o ABSOLUTE
    RTE\Device\TM4C123GH6PM\system_TM4C123.c 0x00000000   Number         0  system_tm4c123.o ABSOLUTE
    RTE\\Device\\TM4C123GH6PM\\system_TM4C123.c 0x00000000   Number         0  system_tm4c123.o ABSOLUTE
    dc.s                                     0x00000000   Number         0  dc.o ABSOLUTE
    handlers.s                               0x00000000   Number         0  handlers.o ABSOLUTE
    init.s                                   0x00000000   Number         0  init.o ABSOLUTE
    keypad.c                                 0x00000000   Number         0  keypad.o ABSOLUTE
    main.c                                   0x00000000   Number         0  main.o ABSOLUTE
    .ARM.Collect$$$$00000000                 0x0000026c   Section        0  entry.o(.ARM.Collect$$$$00000000)
    .ARM.Collect$$$$00000001                 0x0000026c   Section        4  entry2.o(.ARM.Collect$$$$00000001)
    .ARM.Collect$$$$00000004                 0x00000270   Section        4  entry5.o(.ARM.Collect$$$$00000004)
    .ARM.Collect$$$$00000008                 0x00000274   Section        0  entry7b.o(.ARM.Collect$$$$00000008)
    .ARM.Collect$$$$0000000A                 0x00000274   Section        0  entry8b.o(.ARM.Collect$$$$0000000A)
    .ARM.Collect$$$$0000000B                 0x00000274   Section        8  entry9a.o(.ARM.Collect$$$$0000000B)
    .ARM.Collect$$$$0000000D                 0x0000027c   Section        0  entry10a.o(.ARM.Collect$$$$0000000D)
    .ARM.Collect$$$$0000000F                 0x0000027c   Section        0  entry11a.o(.ARM.Collect$$$$0000000F)
    .ARM.Collect$$$$00002712                 0x0000027c   Section        4  entry2.o(.ARM.Collect$$$$00002712)
    __lit__00000000                          0x0000027c   Data           4  entry2.o(.ARM.Collect$$$$00002712)
    .text                                    0x00000280   Section        0  main.o(.text)
    .text                                    0x000002a8   Section        0  keypad.o(.text)
    .text                                    0x00000504   Section      252  startup_tm4c123.o(.text)
    $v0                                      0x00000504   Number         0  startup_tm4c123.o(.text)
    .text                                    0x00000600   Section        0  system_tm4c123.o(.text)
    getOscClk                                0x00000601   Thumb Code   182  system_tm4c123.o(.text)
    .text                                    0x0000084c   Section       36  init.o(.text)
    i.__scatterload_copy                     0x00000870   Section       14  handlers.o(i.__scatterload_copy)
    i.__scatterload_null                     0x0000087e   Section        2  handlers.o(i.__scatterload_null)
    i.__scatterload_zeroinit                 0x00000880   Section       14  handlers.o(i.__scatterload_zeroinit)
    .data                                    0x20000000   Section        4  system_tm4c123.o(.data)
    STACK                                    0x20000008   Section      512  startup_tm4c123.o(STACK)

    Global Symbols

    Symbol Name                              Value     Ov Type        Size  Object(Section)

    BuildAttributes$$THM_ISAv4$E$P$D$K$B$S$7EM$VFPi3$EXTD16$VFPS$VFMA$PE$A:L22UL41UL21$X:L11$S22US41US21$IEEE1$IW$USESV6$~STKCKD$USESV7$~SHL$OSPACE$EBA8$MICROLIB$REQ8$PRES8$EABIv2 0x00000000   Number         0  anon$$obj.o ABSOLUTE
    __ARM_use_no_argv                        0x00000000   Number         0  main.o ABSOLUTE
    __Vectors                                0x00000000   Data           4  startup_tm4c123.o(RESET)
    __cpp_initialize__aeabi_                  - Undefined Weak Reference
    __cxa_finalize                            - Undefined Weak Reference
    __decompress                              - Undefined Weak Reference
    _clock_init                               - Undefined Weak Reference
    _microlib_exit                            - Undefined Weak Reference
    __Vectors_End                            0x0000026c   Data           0  startup_tm4c123.o(RESET)
    __Vectors_Size                           0x0000026c   Number         0  startup_tm4c123.o ABSOLUTE
    __main                                   0x0000026d   Thumb Code     0  entry.o(.ARM.Collect$$$$00000000)
    _main_stk                                0x0000026d   Thumb Code     0  entry2.o(.ARM.Collect$$$$00000001)
    _main_scatterload                        0x00000271   Thumb Code     0  entry5.o(.ARM.Collect$$$$00000004)
    __main_after_scatterload                 0x00000275   Thumb Code     0  entry5.o(.ARM.Collect$$$$00000004)
    _main_clock                              0x00000275   Thumb Code     0  entry7b.o(.ARM.Collect$$$$00000008)
    _main_cpp_init                           0x00000275   Thumb Code     0  entry8b.o(.ARM.Collect$$$$0000000A)
    _main_init                               0x00000275   Thumb Code     0  entry9a.o(.ARM.Collect$$$$0000000B)
    __rt_final_cpp                           0x0000027d   Thumb Code     0  entry10a.o(.ARM.Collect$$$$0000000D)
    __rt_final_exit                          0x0000027d   Thumb Code     0  entry11a.o(.ARM.Collect$$$$0000000F)
    main                                     0x00000281   Thumb Code    38  main.o(.text)
    PortE_Init                               0x000002a9   Thumb Code   130  keypad.o(.text)
    PortD_Init                               0x0000032b   Thumb Code   104  keypad.o(.text)
    PortF_Init                               0x00000393   Thumb Code    76  keypad.o(.text)
    Init_Keypad                              0x000003df   Thumb Code    16  keypad.o(.text)
    Read_SW_Buttons                          0x000003ef   Thumb Code    26  keypad.o(.text)
    Normalise                                0x00000409   Thumb Code    12  keypad.o(.text)
    Set_LEDs                                 0x00000415   Thumb Code    40  keypad.o(.text)
    Delay                                    0x0000043d   Thumb Code    30  keypad.o(.text)
    Send_Keypad                              0x0000045b   Thumb Code    40  keypad.o(.text)
    Scan_Keypad                              0x00000483   Thumb Code    58  keypad.o(.text)
    Read_Input                               0x000004bd   Thumb Code    18  keypad.o(.text)
    Reset_Handler                            0x00000505   Thumb Code     8  startup_tm4c123.o(.text)
    NMI_Handler                              0x0000050d   Thumb Code     2  startup_tm4c123.o(.text)
    HardFault_Handler                        0x0000050f   Thumb Code     2  startup_tm4c123.o(.text)
    MemManage_Handler                        0x00000511   Thumb Code     2  startup_tm4c123.o(.text)
    BusFault_Handler                         0x00000513   Thumb Code     2  startup_tm4c123.o(.text)
    UsageFault_Handler                       0x00000515   Thumb Code     2  startup_tm4c123.o(.text)
    SVC_Handler                              0x00000517   Thumb Code     2  startup_tm4c123.o(.text)
    DebugMon_Handler                         0x00000519   Thumb Code     2  startup_tm4c123.o(.text)
    PendSV_Handler                           0x0000051b   Thumb Code     2  startup_tm4c123.o(.text)
    SysTick_Handler                          0x0000051d   Thumb Code     2  startup_tm4c123.o(.text)
    GPIOA_Handler                            0x0000051f   Thumb Code     2  startup_tm4c123.o(.text)
    GPIOB_Handler                            0x00000521   Thumb Code     2  startup_tm4c123.o(.text)
    GPIOC_Handler                            0x00000523   Thumb Code     2  startup_tm4c123.o(.text)
    GPIOD_Handler                            0x00000525   Thumb Code     2  startup_tm4c123.o(.text)
    GPIOE_Handler                            0x00000527   Thumb Code     2  startup_tm4c123.o(.text)
    UART0_Handler                            0x00000529   Thumb Code     2  startup_tm4c123.o(.text)
    UART1_Handler                            0x0000052b   Thumb Code     2  startup_tm4c123.o(.text)
    SSI0_Handler                             0x0000052d   Thumb Code     2  startup_tm4c123.o(.text)
    I2C0_Handler                             0x0000052f   Thumb Code     2  startup_tm4c123.o(.text)
    PMW0_FAULT_Handler                       0x00000531   Thumb Code     2  startup_tm4c123.o(.text)
    PWM0_0_Handler                           0x00000533   Thumb Code     2  startup_tm4c123.o(.text)
    PWM0_1_Handler                           0x00000535   Thumb Code     2  startup_tm4c123.o(.text)
    PWM0_2_Handler                           0x00000537   Thumb Code     2  startup_tm4c123.o(.text)
    QEI0_Handler                             0x00000539   Thumb Code     2  startup_tm4c123.o(.text)
    ADC0SS0_Handler                          0x0000053b   Thumb Code     2  startup_tm4c123.o(.text)
    ADC0SS1_Handler                          0x0000053d   Thumb Code     2  startup_tm4c123.o(.text)
    ADC0SS2_Handler                          0x0000053f   Thumb Code     2  startup_tm4c123.o(.text)
    ADC0SS3_Handler                          0x00000541   Thumb Code     2  startup_tm4c123.o(.text)
    WDT0_Handler                             0x00000543   Thumb Code     2  startup_tm4c123.o(.text)
    TIMER0A_Handler                          0x00000545   Thumb Code     2  startup_tm4c123.o(.text)
    TIMER0B_Handler                          0x00000547   Thumb Code     2  startup_tm4c123.o(.text)
    TIMER1A_Handler                          0x00000549   Thumb Code     2  startup_tm4c123.o(.text)
    TIMER1B_Handler                          0x0000054b   Thumb Code     2  startup_tm4c123.o(.text)
    TIMER2A_Handler                          0x0000054d   Thumb Code     2  startup_tm4c123.o(.text)
    TIMER2B_Handler                          0x0000054f   Thumb Code     2  startup_tm4c123.o(.text)
    COMP0_Handler                            0x00000551   Thumb Code     2  startup_tm4c123.o(.text)
    COMP1_Handler                            0x00000553   Thumb Code     2  startup_tm4c123.o(.text)
    COMP2_Handler                            0x00000555   Thumb Code     2  startup_tm4c123.o(.text)
    SYSCTL_Handler                           0x00000557   Thumb Code     2  startup_tm4c123.o(.text)
    FLASH_Handler                            0x00000559   Thumb Code     2  startup_tm4c123.o(.text)
    GPIOF_Handler                            0x0000055b   Thumb Code     2  startup_tm4c123.o(.text)
    GPIOG_Handler                            0x0000055d   Thumb Code     2  startup_tm4c123.o(.text)
    GPIOH_Handler                            0x0000055f   Thumb Code     2  startup_tm4c123.o(.text)
    UART2_Handler                            0x00000561   Thumb Code     2  startup_tm4c123.o(.text)
    SSI1_Handler                             0x00000563   Thumb Code     2  startup_tm4c123.o(.text)
    TIMER3A_Handler                          0x00000565   Thumb Code     2  startup_tm4c123.o(.text)
    TIMER3B_Handler                          0x00000567   Thumb Code     2  startup_tm4c123.o(.text)
    I2C1_Handler                             0x00000569   Thumb Code     2  startup_tm4c123.o(.text)
    QEI1_Handler                             0x0000056b   Thumb Code     2  startup_tm4c123.o(.text)
    CAN0_Handler                             0x0000056d   Thumb Code     2  startup_tm4c123.o(.text)
    CAN1_Handler                             0x0000056f   Thumb Code     2  startup_tm4c123.o(.text)
    CAN2_Handler                             0x00000571   Thumb Code     2  startup_tm4c123.o(.text)
    HIB_Handler                              0x00000573   Thumb Code     2  startup_tm4c123.o(.text)
    USB0_Handler                             0x00000575   Thumb Code     2  startup_tm4c123.o(.text)
    PWM0_3_Handler                           0x00000577   Thumb Code     2  startup_tm4c123.o(.text)
    UDMA_Handler                             0x00000579   Thumb Code     2  startup_tm4c123.o(.text)
    UDMAERR_Handler                          0x0000057b   Thumb Code     2  startup_tm4c123.o(.text)
    ADC1SS0_Handler                          0x0000057d   Thumb Code     2  startup_tm4c123.o(.text)
    ADC1SS1_Handler                          0x0000057f   Thumb Code     2  startup_tm4c123.o(.text)
    ADC1SS2_Handler                          0x00000581   Thumb Code     2  startup_tm4c123.o(.text)
    ADC1SS3_Handler                          0x00000583   Thumb Code     2  startup_tm4c123.o(.text)
    GPIOJ_Handler                            0x00000585   Thumb Code     2  startup_tm4c123.o(.text)
    GPIOK_Handler                            0x00000587   Thumb Code     2  startup_tm4c123.o(.text)
    GPIOL_Handler                            0x00000589   Thumb Code     2  startup_tm4c123.o(.text)
    SSI2_Handler                             0x0000058b   Thumb Code     2  startup_tm4c123.o(.text)
    SSI3_Handler                             0x0000058d   Thumb Code     2  startup_tm4c123.o(.text)
    UART3_Handler                            0x0000058f   Thumb Code     2  startup_tm4c123.o(.text)
    UART4_Handler                            0x00000591   Thumb Code     2  startup_tm4c123.o(.text)
    UART5_Handler                            0x00000593   Thumb Code     2  startup_tm4c123.o(.text)
    UART6_Handler                            0x00000595   Thumb Code     2  startup_tm4c123.o(.text)
    UART7_Handler                            0x00000597   Thumb Code     2  startup_tm4c123.o(.text)
    I2C2_Handler                             0x00000599   Thumb Code     2  startup_tm4c123.o(.text)
    I2C3_Handler                             0x0000059b   Thumb Code     2  startup_tm4c123.o(.text)
    TIMER4A_Handler                          0x0000059d   Thumb Code     2  startup_tm4c123.o(.text)
    TIMER4B_Handler                          0x0000059f   Thumb Code     2  startup_tm4c123.o(.text)
    TIMER5A_Handler                          0x000005a1   Thumb Code     2  startup_tm4c123.o(.text)
    TIMER5B_Handler                          0x000005a3   Thumb Code     2  startup_tm4c123.o(.text)
    WTIMER0A_Handler                         0x000005a5   Thumb Code     2  startup_tm4c123.o(.text)
    WTIMER0B_Handler                         0x000005a7   Thumb Code     2  startup_tm4c123.o(.text)
    WTIMER1A_Handler                         0x000005a9   Thumb Code     2  startup_tm4c123.o(.text)
    WTIMER1B_Handler                         0x000005ab   Thumb Code     2  startup_tm4c123.o(.text)
    WTIMER2A_Handler                         0x000005ad   Thumb Code     2  startup_tm4c123.o(.text)
    WTIMER2B_Handler                         0x000005af   Thumb Code     2  startup_tm4c123.o(.text)
    WTIMER3A_Handler                         0x000005b1   Thumb Code     2  startup_tm4c123.o(.text)
    WTIMER3B_Handler                         0x000005b3   Thumb Code     2  startup_tm4c123.o(.text)
    WTIMER4A_Handler                         0x000005b5   Thumb Code     2  startup_tm4c123.o(.text)
    WTIMER4B_Handler                         0x000005b7   Thumb Code     2  startup_tm4c123.o(.text)
    WTIMER5A_Handler                         0x000005b9   Thumb Code     2  startup_tm4c123.o(.text)
    WTIMER5B_Handler                         0x000005bb   Thumb Code     2  startup_tm4c123.o(.text)
    FPU_Handler                              0x000005bd   Thumb Code     2  startup_tm4c123.o(.text)
    I2C4_Handler                             0x000005bf   Thumb Code     2  startup_tm4c123.o(.text)
    I2C5_Handler                             0x000005c1   Thumb Code     2  startup_tm4c123.o(.text)
    GPIOM_Handler                            0x000005c3   Thumb Code     2  startup_tm4c123.o(.text)
    GPION_Handler                            0x000005c5   Thumb Code     2  startup_tm4c123.o(.text)
    QEI2_Handler                             0x000005c7   Thumb Code     2  startup_tm4c123.o(.text)
    GPIOP0_Handler                           0x000005c9   Thumb Code     2  startup_tm4c123.o(.text)
    GPIOP1_Handler                           0x000005cb   Thumb Code     2  startup_tm4c123.o(.text)
    GPIOP2_Handler                           0x000005cd   Thumb Code     2  startup_tm4c123.o(.text)
    GPIOP3_Handler                           0x000005cf   Thumb Code     2  startup_tm4c123.o(.text)
    GPIOP4_Handler                           0x000005d1   Thumb Code     2  startup_tm4c123.o(.text)
    GPIOP5_Handler                           0x000005d3   Thumb Code     2  startup_tm4c123.o(.text)
    GPIOP6_Handler                           0x000005d5   Thumb Code     2  startup_tm4c123.o(.text)
    GPIOP7_Handler                           0x000005d7   Thumb Code     2  startup_tm4c123.o(.text)
    GPIOQ0_Handler                           0x000005d9   Thumb Code     2  startup_tm4c123.o(.text)
    GPIOQ1_Handler                           0x000005db   Thumb Code     2  startup_tm4c123.o(.text)
    GPIOQ2_Handler                           0x000005dd   Thumb Code     2  startup_tm4c123.o(.text)
    GPIOQ3_Handler                           0x000005df   Thumb Code     2  startup_tm4c123.o(.text)
    GPIOQ4_Handler                           0x000005e1   Thumb Code     2  startup_tm4c123.o(.text)
    GPIOQ5_Handler                           0x000005e3   Thumb Code     2  startup_tm4c123.o(.text)
    GPIOQ6_Handler                           0x000005e5   Thumb Code     2  startup_tm4c123.o(.text)
    GPIOQ7_Handler                           0x000005e7   Thumb Code     2  startup_tm4c123.o(.text)
    GPIOR_Handler                            0x000005e9   Thumb Code     2  startup_tm4c123.o(.text)
    GPIOS_Handler                            0x000005eb   Thumb Code     2  startup_tm4c123.o(.text)
    PMW1_0_Handler                           0x000005ed   Thumb Code     2  startup_tm4c123.o(.text)
    PWM1_1_Handler                           0x000005ef   Thumb Code     2  startup_tm4c123.o(.text)
    PWM1_2_Handler                           0x000005f1   Thumb Code     2  startup_tm4c123.o(.text)
    PWM1_3_Handler                           0x000005f3   Thumb Code     2  startup_tm4c123.o(.text)
    PWM1_FAULT_Handler                       0x000005f5   Thumb Code     2  startup_tm4c123.o(.text)
    SystemCoreClockUpdate                    0x000006b7   Thumb Code   184  system_tm4c123.o(.text)
    SystemInit                               0x0000076f   Thumb Code   112  system_tm4c123.o(.text)
    __scatterload                            0x0000084d   Thumb Code    28  init.o(.text)
    __scatterload_rt2                        0x0000084d   Thumb Code     0  init.o(.text)
    __scatterload_copy                       0x00000871   Thumb Code    14  handlers.o(i.__scatterload_copy)
    __scatterload_null                       0x0000087f   Thumb Code     2  handlers.o(i.__scatterload_null)
    __scatterload_zeroinit                   0x00000881   Thumb Code    14  handlers.o(i.__scatterload_zeroinit)
    Region$$Table$$Base                      0x00000890   Number         0  anon$$obj.o(Region$$Table)
    Region$$Table$$Limit                     0x000008b0   Number         0  anon$$obj.o(Region$$Table)
    SystemCoreClock                          0x20000000   Data           4  system_tm4c123.o(.data)
    __initial_sp                             0x20000208   Data           0  startup_tm4c123.o(STACK)



==============================================================================

Memory Map of the image

  Image Entry point : 0x00000505

  Load Region LR_1 (Base: 0x00000000, Size: 0x000008b4, Max: 0xffffffff, ABSOLUTE)

    Execution Region ER_RO (Exec base: 0x00000000, Load base: 0x00000000, Size: 0x000008b0, Max: 0xffffffff, ABSOLUTE)

    Exec Addr    Load Addr    Size         Type   Attr      Idx    E Section Name        Object

    0x00000000   0x00000000   0x0000026c   Data   RO           32    RESET               startup_tm4c123.o
    0x0000026c   0x0000026c   0x00000000   Code   RO           93  * .ARM.Collect$$$$00000000  mc_w.l(entry.o)
    0x0000026c   0x0000026c   0x00000004   Code   RO           96    .ARM.Collect$$$$00000001  mc_w.l(entry2.o)
    0x00000270   0x00000270   0x00000004   Code   RO           99    .ARM.Collect$$$$00000004  mc_w.l(entry5.o)
    0x00000274   0x00000274   0x00000000   Code   RO          101    .ARM.Collect$$$$00000008  mc_w.l(entry7b.o)
    0x00000274   0x00000274   0x00000000   Code   RO          103    .ARM.Collect$$$$0000000A  mc_w.l(entry8b.o)
    0x00000274   0x00000274   0x00000008   Code   RO          104    .ARM.Collect$$$$0000000B  mc_w.l(entry9a.o)
    0x0000027c   0x0000027c   0x00000000   Code   RO          106    .ARM.Collect$$$$0000000D  mc_w.l(entry10a.o)
    0x0000027c   0x0000027c   0x00000000   Code   RO          108    .ARM.Collect$$$$0000000F  mc_w.l(entry11a.o)
    0x0000027c   0x0000027c   0x00000004   Code   RO           97    .ARM.Collect$$$$00002712  mc_w.l(entry2.o)
    0x00000280   0x00000280   0x00000026   Code   RO            1    .text               main.o
    0x000002a6   0x000002a6   0x00000002   PAD
    0x000002a8   0x000002a8   0x0000025c   Code   RO           12    .text               keypad.o
    0x00000504   0x00000504   0x000000fc   Code   RO           33  * .text               startup_tm4c123.o
    0x00000600   0x00000600   0x0000024c   Code   RO           41    .text               system_tm4c123.o
    0x0000084c   0x0000084c   0x00000024   Code   RO          110    .text               mc_w.l(init.o)
    0x00000870   0x00000870   0x0000000e   Code   RO          114    i.__scatterload_copy  mc_w.l(handlers.o)
    0x0000087e   0x0000087e   0x00000002   Code   RO          115    i.__scatterload_null  mc_w.l(handlers.o)
    0x00000880   0x00000880   0x0000000e   Code   RO          116    i.__scatterload_zeroinit  mc_w.l(handlers.o)
    0x0000088e   0x0000088e   0x00000002   PAD
    0x00000890   0x00000890   0x00000020   Data   RO          112    Region$$Table       anon$$obj.o


    Execution Region ER_RW (Exec base: 0x20000000, Load base: 0x000008b0, Size: 0x00000004, Max: 0xffffffff, ABSOLUTE)

    Exec Addr    Load Addr    Size         Type   Attr      Idx    E Section Name        Object

    0x20000000   0x000008b0   0x00000004   Data   RW           42    .data               system_tm4c123.o


    Execution Region ER_ZI (Exec base: 0x20000004, Load base: 0x000008b4, Size: 0x00000204, Max: 0xffffffff, ABSOLUTE)

    Exec Addr    Load Addr    Size         Type   Attr      Idx    E Section Name        Object

    0x20000004   0x000008b4   0x00000004   PAD
    0x20000008        -       0x00000200   Zero   RW           30    STACK               startup_tm4c123.o


==============================================================================

Image component sizes


      Code (inc. data)   RO Data    RW Data    ZI Data      Debug   Object Name

       604         54          0          0          0       2515   keypad.o
        38          0          0          0          0       1947   main.o
       252         10        620          0        512       5480   startup_tm4c123.o
       588        134          0          4          0       4633   system_tm4c123.o

    ----------------------------------------------------------------------
      1484        198        652          4        516      14575   Object Totals
         0          0         32          0          0          0   (incl. Generated)
         2          0          0          0          4          0   (incl. Padding)

    ----------------------------------------------------------------------

      Code (inc. data)   RO Data    RW Data    ZI Data      Debug   Library Member Name

         0          0          0          0          0          0   entry.o
         0          0          0          0          0          0   entry10a.o
         0          0          0          0          0          0   entry11a.o
         8          4          0          0          0          0   entry2.o
         4          0          0          0          0          0   entry5.o
         0          0          0          0          0          0   entry7b.o
         0          0          0          0          0          0   entry8b.o
         8          4          0          0          0          0   entry9a.o
        30          0          0          0          0          0   handlers.o
        36          8          0          0          0         68   init.o

    ----------------------------------------------------------------------
        88         16          0          0          0         68   Library Totals
         2          0          0          0          0          0   (incl. Padding)

    ----------------------------------------------------------------------

      Code (inc. data)   RO Data    RW Data    ZI Data      Debug   Library Name

        86         16          0          0          0         68   mc_w.l

    ----------------------------------------------------------------------
        88         16          0          0          0         68   Library Totals

    ----------------------------------------------------------------------

==============================================================================


      Code (inc. data)   RO Data    RW Data    ZI Data      Debug   

      1572        214        652          4        516      14647   Grand Totals
      1572        214        652          4        516      14647   ELF Image Totals
      1572        214        652          4          0          0   ROM Totals

==============================================================================

    Total RO  Size (Code + RO Data)                 2224 (   2.17kB)
    Total RW  Size (RW Data + ZI Data)               520 (   0.51kB)
    Total ROM Size (Code + RO Data + RW Data)       2228 (   2.18kB)

==============================================================================

