Component: ARM Compiler 5.06 update 5 (build 528) Tool: armlink [4d35e2]

==============================================================================

Section Cross References

    main.o(.text) refers to keypad.o(.text) for Init_Keypad
    main.o(.text) refers to pll.o(.text) for PLL_Init
    main.o(.text) refers to lcd.o(.text) for Init_LCD
    main.o(.text) refers to calculator.o(.text) for update
    keypad.o(.text) refers to pll.o(.text) for SysTick_WaitMS
    lcd.o(.text) refers to keypad.o(.text) for Normalise
    lcd.o(.text) refers to pll.o(.text) for SysTick_Wait50ns
    calculator.o(.text) refers to memcpya.o(.text) for __aeabi_memcpy4
    calculator.o(.text) refers to lcd.o(.text) for Write_Command
    calculator.o(.text) refers to keypad.o(.text) for Scan_Keypad
    calculator.o(.text) refers to calculatorengine.o(.text) for Evaluate
    calculator.o(.text) refers to calculator.o(.constdata) for .constdata
    calculator.o(.text) refers to calculator.o(.data) for _mode
    calculator.o(.text) refers to calculator.o(.bss) for _buffer
    calculatorengine.o(.text) refers to calculatorengine.o(.data) for _memoryA
    calculatorengine.o(.text) refers to calculatorengine.o(.constdata) for .constdata
    startup_tm4c123.o(RESET) refers to startup_tm4c123.o(STACK) for __initial_sp
    startup_tm4c123.o(RESET) refers to startup_tm4c123.o(.text) for Reset_Handler
    startup_tm4c123.o(.text) refers to system_tm4c123.o(.text) for SystemInit
    startup_tm4c123.o(.text) refers to entry.o(.ARM.Collect$$$$00000000) for __main
    system_tm4c123.o(.text) refers to system_tm4c123.o(.data) for SystemCoreClock
    entry.o(.ARM.Collect$$$$00000000) refers (Special) to entry10a.o(.ARM.Collect$$$$0000000D) for __rt_final_cpp
    entry.o(.ARM.Collect$$$$00000000) refers (Special) to entry11a.o(.ARM.Collect$$$$0000000F) for __rt_final_exit
    entry.o(.ARM.Collect$$$$00000000) refers (Special) to entry7b.o(.ARM.Collect$$$$00000008) for _main_clock
    entry.o(.ARM.Collect$$$$00000000) refers (Special) to entry8b.o(.ARM.Collect$$$$0000000A) for _main_cpp_init
    entry.o(.ARM.Collect$$$$00000000) refers (Special) to entry9a.o(.ARM.Collect$$$$0000000B) for _main_init
    entry.o(.ARM.Collect$$$$00000000) refers (Special) to entry5.o(.ARM.Collect$$$$00000004) for _main_scatterload
    entry.o(.ARM.Collect$$$$00000000) refers (Special) to entry2.o(.ARM.Collect$$$$00000001) for _main_stk
    entry2.o(.ARM.Collect$$$$00000001) refers to entry2.o(.ARM.Collect$$$$00002712) for __lit__00000000
    entry2.o(.ARM.Collect$$$$00002712) refers to startup_tm4c123.o(STACK) for __initial_sp
    entry2.o(__vectab_stack_and_reset_area) refers to startup_tm4c123.o(STACK) for __initial_sp
    entry2.o(__vectab_stack_and_reset_area) refers to entry.o(.ARM.Collect$$$$00000000) for __main
    entry5.o(.ARM.Collect$$$$00000004) refers to init.o(.text) for __scatterload
    entry9a.o(.ARM.Collect$$$$0000000B) refers to main.o(.text) for main
    entry9b.o(.ARM.Collect$$$$0000000C) refers to main.o(.text) for main
    init.o(.text) refers to entry5.o(.ARM.Collect$$$$00000004) for __main_after_scatterload


==============================================================================

Removing Unused input sections from the image.

    Removing startup_tm4c123.o(HEAP), (0 bytes).
    Removing system_tm4c123.o(.rev16_text), (4 bytes).
    Removing system_tm4c123.o(.revsh_text), (4 bytes).
    Removing system_tm4c123.o(.rrx_text), (6 bytes).

4 unused section(s) (total 14 bytes) removed from the image.

==============================================================================

Image Symbol Table

    Local Symbols

    Symbol Name                              Value     Ov Type        Size  Object(Section)

    RESET                                    0x00000000   Section      620  startup_tm4c123.o(RESET)
    ../clib/microlib/init/entry.s            0x00000000   Number         0  entry5.o ABSOLUTE
    ../clib/microlib/init/entry.s            0x00000000   Number         0  entry10a.o ABSOLUTE
    ../clib/microlib/init/entry.s            0x00000000   Number         0  entry9b.o ABSOLUTE
    ../clib/microlib/init/entry.s            0x00000000   Number         0  entry9a.o ABSOLUTE
    ../clib/microlib/init/entry.s            0x00000000   Number         0  entry8b.o ABSOLUTE
    ../clib/microlib/init/entry.s            0x00000000   Number         0  entry8a.o ABSOLUTE
    ../clib/microlib/init/entry.s            0x00000000   Number         0  entry7a.o ABSOLUTE
    ../clib/microlib/init/entry.s            0x00000000   Number         0  entry7b.o ABSOLUTE
    ../clib/microlib/init/entry.s            0x00000000   Number         0  entry2.o ABSOLUTE
    ../clib/microlib/init/entry.s            0x00000000   Number         0  entry.o ABSOLUTE
    ../clib/microlib/init/entry.s            0x00000000   Number         0  entry10b.o ABSOLUTE
    ../clib/microlib/init/entry.s            0x00000000   Number         0  entry11a.o ABSOLUTE
    ../clib/microlib/init/entry.s            0x00000000   Number         0  entry11b.o ABSOLUTE
    ../clib/microlib/string/memcpy.c         0x00000000   Number         0  memcpya.o ABSOLUTE
    ../clib/microlib/string/memcpy.c         0x00000000   Number         0  memcpyb.o ABSOLUTE
    LCD.c                                    0x00000000   Number         0  lcd.o ABSOLUTE
    PLL.c                                    0x00000000   Number         0  pll.o ABSOLUTE
    RTE\Device\TM4C123GH6PM\startup_TM4C123.s 0x00000000   Number         0  startup_tm4c123.o ABSOLUTE
    RTE\Device\TM4C123GH6PM\system_TM4C123.c 0x00000000   Number         0  system_tm4c123.o ABSOLUTE
    RTE\\Device\\TM4C123GH6PM\\system_TM4C123.c 0x00000000   Number         0  system_tm4c123.o ABSOLUTE
    calculator.c                             0x00000000   Number         0  calculator.o ABSOLUTE
    calculatorEngine.c                       0x00000000   Number         0  calculatorengine.o ABSOLUTE
    dc.s                                     0x00000000   Number         0  dc.o ABSOLUTE
    handlers.s                               0x00000000   Number         0  handlers.o ABSOLUTE
    init.s                                   0x00000000   Number         0  init.o ABSOLUTE
    keypad.c                                 0x00000000   Number         0  keypad.o ABSOLUTE
    main.c                                   0x00000000   Number         0  main.o ABSOLUTE
    .ARM.Collect$$$$00000000                 0x0000026c   Section        0  entry.o(.ARM.Collect$$$$00000000)
    .ARM.Collect$$$$00000001                 0x0000026c   Section        4  entry2.o(.ARM.Collect$$$$00000001)
    .ARM.Collect$$$$00000004                 0x00000270   Section        4  entry5.o(.ARM.Collect$$$$00000004)
    .ARM.Collect$$$$00000008                 0x00000274   Section        0  entry7b.o(.ARM.Collect$$$$00000008)
    .ARM.Collect$$$$0000000A                 0x00000274   Section        0  entry8b.o(.ARM.Collect$$$$0000000A)
    .ARM.Collect$$$$0000000B                 0x00000274   Section        8  entry9a.o(.ARM.Collect$$$$0000000B)
    .ARM.Collect$$$$0000000D                 0x0000027c   Section        0  entry10a.o(.ARM.Collect$$$$0000000D)
    .ARM.Collect$$$$0000000F                 0x0000027c   Section        0  entry11a.o(.ARM.Collect$$$$0000000F)
    .ARM.Collect$$$$00002712                 0x0000027c   Section        4  entry2.o(.ARM.Collect$$$$00002712)
    __lit__00000000                          0x0000027c   Data           4  entry2.o(.ARM.Collect$$$$00002712)
    .text                                    0x00000280   Section        0  main.o(.text)
    .text                                    0x0000029c   Section        0  keypad.o(.text)
    .text                                    0x000004d8   Section        0  lcd.o(.text)
    .text                                    0x00000740   Section        0  pll.o(.text)
    .text                                    0x0000081c   Section        0  calculator.o(.text)
    .text                                    0x00000dc0   Section        0  calculatorengine.o(.text)
    .text                                    0x0000103c   Section      252  startup_tm4c123.o(.text)
    $v0                                      0x0000103c   Number         0  startup_tm4c123.o(.text)
    .text                                    0x00001138   Section        0  system_tm4c123.o(.text)
    getOscClk                                0x00001139   Thumb Code   182  system_tm4c123.o(.text)
    .text                                    0x00001384   Section        0  memcpya.o(.text)
    .text                                    0x000013a8   Section       36  init.o(.text)
    i.__scatterload_copy                     0x000013cc   Section       14  handlers.o(i.__scatterload_copy)
    i.__scatterload_null                     0x000013da   Section        2  handlers.o(i.__scatterload_null)
    i.__scatterload_zeroinit                 0x000013dc   Section       14  handlers.o(i.__scatterload_zeroinit)
    .constdata                               0x000013ec   Section       72  calculator.o(.constdata)
    .constdata                               0x00001434   Section       24  calculatorengine.o(.constdata)
    .data                                    0x20000000   Section       10  calculator.o(.data)
    .data                                    0x2000000c   Section       72  calculatorengine.o(.data)
    .data                                    0x20000054   Section        4  system_tm4c123.o(.data)
    .bss                                     0x20000058   Section      256  calculator.o(.bss)
    STACK                                    0x20000158   Section      512  startup_tm4c123.o(STACK)

    Global Symbols

    Symbol Name                              Value     Ov Type        Size  Object(Section)

    BuildAttributes$$THM_ISAv4$E$P$D$K$B$S$7EM$VFPi3$EXTD16$VFPS$VFMA$PE$A:L22UL41UL21$X:L11$S22US41US21$IEEE1$IW$USESV6$~STKCKD$USESV7$~SHL$OSPACE$EBA8$MICROLIB$REQ8$PRES8$EABIv2 0x00000000   Number         0  anon$$obj.o ABSOLUTE
    __ARM_use_no_argv                        0x00000000   Number         0  main.o ABSOLUTE
    __Vectors                                0x00000000   Data           4  startup_tm4c123.o(RESET)
    __cpp_initialize__aeabi_                  - Undefined Weak Reference
    __cxa_finalize                            - Undefined Weak Reference
    __decompress                              - Undefined Weak Reference
    _clock_init                               - Undefined Weak Reference
    _microlib_exit                            - Undefined Weak Reference
    __Vectors_End                            0x0000026c   Data           0  startup_tm4c123.o(RESET)
    __Vectors_Size                           0x0000026c   Number         0  startup_tm4c123.o ABSOLUTE
    __main                                   0x0000026d   Thumb Code     0  entry.o(.ARM.Collect$$$$00000000)
    _main_stk                                0x0000026d   Thumb Code     0  entry2.o(.ARM.Collect$$$$00000001)
    _main_scatterload                        0x00000271   Thumb Code     0  entry5.o(.ARM.Collect$$$$00000004)
    __main_after_scatterload                 0x00000275   Thumb Code     0  entry5.o(.ARM.Collect$$$$00000004)
    _main_clock                              0x00000275   Thumb Code     0  entry7b.o(.ARM.Collect$$$$00000008)
    _main_cpp_init                           0x00000275   Thumb Code     0  entry8b.o(.ARM.Collect$$$$0000000A)
    _main_init                               0x00000275   Thumb Code     0  entry9a.o(.ARM.Collect$$$$0000000B)
    __rt_final_cpp                           0x0000027d   Thumb Code     0  entry10a.o(.ARM.Collect$$$$0000000D)
    __rt_final_exit                          0x0000027d   Thumb Code     0  entry11a.o(.ARM.Collect$$$$0000000F)
    main                                     0x00000281   Thumb Code    28  main.o(.text)
    PortE_Init                               0x0000029d   Thumb Code   130  keypad.o(.text)
    PortD_Init                               0x0000031f   Thumb Code   104  keypad.o(.text)
    PortF_Init                               0x00000387   Thumb Code    76  keypad.o(.text)
    Init_Keypad                              0x000003d3   Thumb Code    16  keypad.o(.text)
    Read_SW_Buttons                          0x000003e3   Thumb Code    26  keypad.o(.text)
    Normalise                                0x000003fd   Thumb Code    12  keypad.o(.text)
    Set_LEDs                                 0x00000409   Thumb Code    40  keypad.o(.text)
    Send_Keypad                              0x00000431   Thumb Code    40  keypad.o(.text)
    Scan_Keypad                              0x00000459   Thumb Code    60  keypad.o(.text)
    Read_Input                               0x00000495   Thumb Code    18  keypad.o(.text)
    PortA_Init                               0x000004d9   Thumb Code   104  lcd.o(.text)
    PortB_Init                               0x00000541   Thumb Code   104  lcd.o(.text)
    Set_RS                                   0x000005a9   Thumb Code    20  lcd.o(.text)
    Set_EN                                   0x000005bd   Thumb Code    20  lcd.o(.text)
    Set_DB                                   0x000005d1   Thumb Code     8  lcd.o(.text)
    Pulse_EN                                 0x000005d9   Thumb Code    22  lcd.o(.text)
    Send_Command                             0x000005ef   Thumb Code    24  lcd.o(.text)
    Write_Command                            0x00000607   Thumb Code    52  lcd.o(.text)
    lcdWriteData                             0x0000063b   Thumb Code    58  lcd.o(.text)
    lcdWriteString                           0x00000675   Thumb Code    22  lcd.o(.text)
    lcdClearScreen                           0x0000068b   Thumb Code    10  lcd.o(.text)
    lcdGoto                                  0x00000695   Thumb Code    32  lcd.o(.text)
    Init_LCD                                 0x000006b5   Thumb Code   106  lcd.o(.text)
    SysTick_Init                             0x00000741   Thumb Code    24  pll.o(.text)
    PLL_Init                                 0x00000759   Thumb Code   114  pll.o(.text)
    SysTick_Wait                             0x000007cb   Thumb Code    30  pll.o(.text)
    SysTick_WaitMS                           0x000007e9   Thumb Code    18  pll.o(.text)
    SysTick_Wait50ns                         0x000007fb   Thumb Code    12  pll.o(.text)
    SysTick_WaitUS                           0x00000807   Thumb Code    16  pll.o(.text)
    NormaliseShort                           0x0000081d   Thumb Code    12  calculator.o(.text)
    inputToNum                               0x00000829   Thumb Code   194  calculator.o(.text)
    charInputLookup                          0x000008eb   Thumb Code    40  calculator.o(.text)
    ExpandChar                               0x00000913   Thumb Code   144  calculator.o(.text)
    Count_Pressed                            0x000009a3   Thumb Code    40  calculator.o(.text)
    render                                   0x000009cb   Thumb Code   250  calculator.o(.text)
    update                                   0x00000ac5   Thumb Code   720  calculator.o(.text)
    charToInt                                0x00000dc1   Thumb Code    88  calculatorengine.o(.text)
    identifyAtomic                           0x00000e19   Thumb Code    92  calculatorengine.o(.text)
    in                                       0x00000e75   Thumb Code    28  calculatorengine.o(.text)
    Evaluate                                 0x00000e91   Thumb Code   376  calculatorengine.o(.text)
    Reset_Handler                            0x0000103d   Thumb Code     8  startup_tm4c123.o(.text)
    NMI_Handler                              0x00001045   Thumb Code     2  startup_tm4c123.o(.text)
    HardFault_Handler                        0x00001047   Thumb Code     2  startup_tm4c123.o(.text)
    MemManage_Handler                        0x00001049   Thumb Code     2  startup_tm4c123.o(.text)
    BusFault_Handler                         0x0000104b   Thumb Code     2  startup_tm4c123.o(.text)
    UsageFault_Handler                       0x0000104d   Thumb Code     2  startup_tm4c123.o(.text)
    SVC_Handler                              0x0000104f   Thumb Code     2  startup_tm4c123.o(.text)
    DebugMon_Handler                         0x00001051   Thumb Code     2  startup_tm4c123.o(.text)
    PendSV_Handler                           0x00001053   Thumb Code     2  startup_tm4c123.o(.text)
    SysTick_Handler                          0x00001055   Thumb Code     2  startup_tm4c123.o(.text)
    GPIOA_Handler                            0x00001057   Thumb Code     2  startup_tm4c123.o(.text)
    GPIOB_Handler                            0x00001059   Thumb Code     2  startup_tm4c123.o(.text)
    GPIOC_Handler                            0x0000105b   Thumb Code     2  startup_tm4c123.o(.text)
    GPIOD_Handler                            0x0000105d   Thumb Code     2  startup_tm4c123.o(.text)
    GPIOE_Handler                            0x0000105f   Thumb Code     2  startup_tm4c123.o(.text)
    UART0_Handler                            0x00001061   Thumb Code     2  startup_tm4c123.o(.text)
    UART1_Handler                            0x00001063   Thumb Code     2  startup_tm4c123.o(.text)
    SSI0_Handler                             0x00001065   Thumb Code     2  startup_tm4c123.o(.text)
    I2C0_Handler                             0x00001067   Thumb Code     2  startup_tm4c123.o(.text)
    PMW0_FAULT_Handler                       0x00001069   Thumb Code     2  startup_tm4c123.o(.text)
    PWM0_0_Handler                           0x0000106b   Thumb Code     2  startup_tm4c123.o(.text)
    PWM0_1_Handler                           0x0000106d   Thumb Code     2  startup_tm4c123.o(.text)
    PWM0_2_Handler                           0x0000106f   Thumb Code     2  startup_tm4c123.o(.text)
    QEI0_Handler                             0x00001071   Thumb Code     2  startup_tm4c123.o(.text)
    ADC0SS0_Handler                          0x00001073   Thumb Code     2  startup_tm4c123.o(.text)
    ADC0SS1_Handler                          0x00001075   Thumb Code     2  startup_tm4c123.o(.text)
    ADC0SS2_Handler                          0x00001077   Thumb Code     2  startup_tm4c123.o(.text)
    ADC0SS3_Handler                          0x00001079   Thumb Code     2  startup_tm4c123.o(.text)
    WDT0_Handler                             0x0000107b   Thumb Code     2  startup_tm4c123.o(.text)
    TIMER0A_Handler                          0x0000107d   Thumb Code     2  startup_tm4c123.o(.text)
    TIMER0B_Handler                          0x0000107f   Thumb Code     2  startup_tm4c123.o(.text)
    TIMER1A_Handler                          0x00001081   Thumb Code     2  startup_tm4c123.o(.text)
    TIMER1B_Handler                          0x00001083   Thumb Code     2  startup_tm4c123.o(.text)
    TIMER2A_Handler                          0x00001085   Thumb Code     2  startup_tm4c123.o(.text)
    TIMER2B_Handler                          0x00001087   Thumb Code     2  startup_tm4c123.o(.text)
    COMP0_Handler                            0x00001089   Thumb Code     2  startup_tm4c123.o(.text)
    COMP1_Handler                            0x0000108b   Thumb Code     2  startup_tm4c123.o(.text)
    COMP2_Handler                            0x0000108d   Thumb Code     2  startup_tm4c123.o(.text)
    SYSCTL_Handler                           0x0000108f   Thumb Code     2  startup_tm4c123.o(.text)
    FLASH_Handler                            0x00001091   Thumb Code     2  startup_tm4c123.o(.text)
    GPIOF_Handler                            0x00001093   Thumb Code     2  startup_tm4c123.o(.text)
    GPIOG_Handler                            0x00001095   Thumb Code     2  startup_tm4c123.o(.text)
    GPIOH_Handler                            0x00001097   Thumb Code     2  startup_tm4c123.o(.text)
    UART2_Handler                            0x00001099   Thumb Code     2  startup_tm4c123.o(.text)
    SSI1_Handler                             0x0000109b   Thumb Code     2  startup_tm4c123.o(.text)
    TIMER3A_Handler                          0x0000109d   Thumb Code     2  startup_tm4c123.o(.text)
    TIMER3B_Handler                          0x0000109f   Thumb Code     2  startup_tm4c123.o(.text)
    I2C1_Handler                             0x000010a1   Thumb Code     2  startup_tm4c123.o(.text)
    QEI1_Handler                             0x000010a3   Thumb Code     2  startup_tm4c123.o(.text)
    CAN0_Handler                             0x000010a5   Thumb Code     2  startup_tm4c123.o(.text)
    CAN1_Handler                             0x000010a7   Thumb Code     2  startup_tm4c123.o(.text)
    CAN2_Handler                             0x000010a9   Thumb Code     2  startup_tm4c123.o(.text)
    HIB_Handler                              0x000010ab   Thumb Code     2  startup_tm4c123.o(.text)
    USB0_Handler                             0x000010ad   Thumb Code     2  startup_tm4c123.o(.text)
    PWM0_3_Handler                           0x000010af   Thumb Code     2  startup_tm4c123.o(.text)
    UDMA_Handler                             0x000010b1   Thumb Code     2  startup_tm4c123.o(.text)
    UDMAERR_Handler                          0x000010b3   Thumb Code     2  startup_tm4c123.o(.text)
    ADC1SS0_Handler                          0x000010b5   Thumb Code     2  startup_tm4c123.o(.text)
    ADC1SS1_Handler                          0x000010b7   Thumb Code     2  startup_tm4c123.o(.text)
    ADC1SS2_Handler                          0x000010b9   Thumb Code     2  startup_tm4c123.o(.text)
    ADC1SS3_Handler                          0x000010bb   Thumb Code     2  startup_tm4c123.o(.text)
    GPIOJ_Handler                            0x000010bd   Thumb Code     2  startup_tm4c123.o(.text)
    GPIOK_Handler                            0x000010bf   Thumb Code     2  startup_tm4c123.o(.text)
    GPIOL_Handler                            0x000010c1   Thumb Code     2  startup_tm4c123.o(.text)
    SSI2_Handler                             0x000010c3   Thumb Code     2  startup_tm4c123.o(.text)
    SSI3_Handler                             0x000010c5   Thumb Code     2  startup_tm4c123.o(.text)
    UART3_Handler                            0x000010c7   Thumb Code     2  startup_tm4c123.o(.text)
    UART4_Handler                            0x000010c9   Thumb Code     2  startup_tm4c123.o(.text)
    UART5_Handler                            0x000010cb   Thumb Code     2  startup_tm4c123.o(.text)
    UART6_Handler                            0x000010cd   Thumb Code     2  startup_tm4c123.o(.text)
    UART7_Handler                            0x000010cf   Thumb Code     2  startup_tm4c123.o(.text)
    I2C2_Handler                             0x000010d1   Thumb Code     2  startup_tm4c123.o(.text)
    I2C3_Handler                             0x000010d3   Thumb Code     2  startup_tm4c123.o(.text)
    TIMER4A_Handler                          0x000010d5   Thumb Code     2  startup_tm4c123.o(.text)
    TIMER4B_Handler                          0x000010d7   Thumb Code     2  startup_tm4c123.o(.text)
    TIMER5A_Handler                          0x000010d9   Thumb Code     2  startup_tm4c123.o(.text)
    TIMER5B_Handler                          0x000010db   Thumb Code     2  startup_tm4c123.o(.text)
    WTIMER0A_Handler                         0x000010dd   Thumb Code     2  startup_tm4c123.o(.text)
    WTIMER0B_Handler                         0x000010df   Thumb Code     2  startup_tm4c123.o(.text)
    WTIMER1A_Handler                         0x000010e1   Thumb Code     2  startup_tm4c123.o(.text)
    WTIMER1B_Handler                         0x000010e3   Thumb Code     2  startup_tm4c123.o(.text)
    WTIMER2A_Handler                         0x000010e5   Thumb Code     2  startup_tm4c123.o(.text)
    WTIMER2B_Handler                         0x000010e7   Thumb Code     2  startup_tm4c123.o(.text)
    WTIMER3A_Handler                         0x000010e9   Thumb Code     2  startup_tm4c123.o(.text)
    WTIMER3B_Handler                         0x000010eb   Thumb Code     2  startup_tm4c123.o(.text)
    WTIMER4A_Handler                         0x000010ed   Thumb Code     2  startup_tm4c123.o(.text)
    WTIMER4B_Handler                         0x000010ef   Thumb Code     2  startup_tm4c123.o(.text)
    WTIMER5A_Handler                         0x000010f1   Thumb Code     2  startup_tm4c123.o(.text)
    WTIMER5B_Handler                         0x000010f3   Thumb Code     2  startup_tm4c123.o(.text)
    FPU_Handler                              0x000010f5   Thumb Code     2  startup_tm4c123.o(.text)
    I2C4_Handler                             0x000010f7   Thumb Code     2  startup_tm4c123.o(.text)
    I2C5_Handler                             0x000010f9   Thumb Code     2  startup_tm4c123.o(.text)
    GPIOM_Handler                            0x000010fb   Thumb Code     2  startup_tm4c123.o(.text)
    GPION_Handler                            0x000010fd   Thumb Code     2  startup_tm4c123.o(.text)
    QEI2_Handler                             0x000010ff   Thumb Code     2  startup_tm4c123.o(.text)
    GPIOP0_Handler                           0x00001101   Thumb Code     2  startup_tm4c123.o(.text)
    GPIOP1_Handler                           0x00001103   Thumb Code     2  startup_tm4c123.o(.text)
    GPIOP2_Handler                           0x00001105   Thumb Code     2  startup_tm4c123.o(.text)
    GPIOP3_Handler                           0x00001107   Thumb Code     2  startup_tm4c123.o(.text)
    GPIOP4_Handler                           0x00001109   Thumb Code     2  startup_tm4c123.o(.text)
    GPIOP5_Handler                           0x0000110b   Thumb Code     2  startup_tm4c123.o(.text)
    GPIOP6_Handler                           0x0000110d   Thumb Code     2  startup_tm4c123.o(.text)
    GPIOP7_Handler                           0x0000110f   Thumb Code     2  startup_tm4c123.o(.text)
    GPIOQ0_Handler                           0x00001111   Thumb Code     2  startup_tm4c123.o(.text)
    GPIOQ1_Handler                           0x00001113   Thumb Code     2  startup_tm4c123.o(.text)
    GPIOQ2_Handler                           0x00001115   Thumb Code     2  startup_tm4c123.o(.text)
    GPIOQ3_Handler                           0x00001117   Thumb Code     2  startup_tm4c123.o(.text)
    GPIOQ4_Handler                           0x00001119   Thumb Code     2  startup_tm4c123.o(.text)
    GPIOQ5_Handler                           0x0000111b   Thumb Code     2  startup_tm4c123.o(.text)
    GPIOQ6_Handler                           0x0000111d   Thumb Code     2  startup_tm4c123.o(.text)
    GPIOQ7_Handler                           0x0000111f   Thumb Code     2  startup_tm4c123.o(.text)
    GPIOR_Handler                            0x00001121   Thumb Code     2  startup_tm4c123.o(.text)
    GPIOS_Handler                            0x00001123   Thumb Code     2  startup_tm4c123.o(.text)
    PMW1_0_Handler                           0x00001125   Thumb Code     2  startup_tm4c123.o(.text)
    PWM1_1_Handler                           0x00001127   Thumb Code     2  startup_tm4c123.o(.text)
    PWM1_2_Handler                           0x00001129   Thumb Code     2  startup_tm4c123.o(.text)
    PWM1_3_Handler                           0x0000112b   Thumb Code     2  startup_tm4c123.o(.text)
    PWM1_FAULT_Handler                       0x0000112d   Thumb Code     2  startup_tm4c123.o(.text)
    SystemCoreClockUpdate                    0x000011ef   Thumb Code   184  system_tm4c123.o(.text)
    SystemInit                               0x000012a7   Thumb Code   112  system_tm4c123.o(.text)
    __aeabi_memcpy                           0x00001385   Thumb Code    36  memcpya.o(.text)
    __aeabi_memcpy4                          0x00001385   Thumb Code     0  memcpya.o(.text)
    __aeabi_memcpy8                          0x00001385   Thumb Code     0  memcpya.o(.text)
    __scatterload                            0x000013a9   Thumb Code    28  init.o(.text)
    __scatterload_rt2                        0x000013a9   Thumb Code     0  init.o(.text)
    __scatterload_copy                       0x000013cd   Thumb Code    14  handlers.o(i.__scatterload_copy)
    __scatterload_null                       0x000013db   Thumb Code     2  handlers.o(i.__scatterload_null)
    __scatterload_zeroinit                   0x000013dd   Thumb Code    14  handlers.o(i.__scatterload_zeroinit)
    Region$$Table$$Base                      0x0000144c   Number         0  anon$$obj.o(Region$$Table)
    Region$$Table$$Limit                     0x0000146c   Number         0  anon$$obj.o(Region$$Table)
    _buffer_index                            0x20000000   Data           2  calculator.o(.data)
    _prev_button_count                       0x20000002   Data           1  calculator.o(.data)
    _mode_bit                                0x20000003   Data           1  calculator.o(.data)
    _eq_bit                                  0x20000004   Data           1  calculator.o(.data)
    _mode_pressed                            0x20000005   Data           1  calculator.o(.data)
    _eq_pressed                              0x20000006   Data           1  calculator.o(.data)
    _del_bit                                 0x20000007   Data           1  calculator.o(.data)
    _mode                                    0x20000008   Data           1  calculator.o(.data)
    _store                                   0x20000009   Data           1  calculator.o(.data)
    _memoryA                                 0x2000000c   Data           4  calculatorengine.o(.data)
    _memoryB                                 0x20000010   Data           4  calculatorengine.o(.data)
    _memoryC                                 0x20000014   Data           4  calculatorengine.o(.data)
    _memoryD                                 0x20000018   Data           4  calculatorengine.o(.data)
    _memoryANS                               0x2000001c   Data           4  calculatorengine.o(.data)
    _valid_chars                             0x20000020   Data          35  calculatorengine.o(.data)
    _in_atomic                               0x20000043   Data          10  calculatorengine.o(.data)
    _named_atomic                            0x2000004d   Data           7  calculatorengine.o(.data)
    SystemCoreClock                          0x20000054   Data           4  system_tm4c123.o(.data)
    _buffer                                  0x20000058   Data         256  calculator.o(.bss)
    __initial_sp                             0x20000358   Data           0  startup_tm4c123.o(STACK)



==============================================================================

Memory Map of the image

  Image Entry point : 0x0000103d

  Load Region LR_1 (Base: 0x00000000, Size: 0x000014c4, Max: 0xffffffff, ABSOLUTE)

    Execution Region ER_RO (Exec base: 0x00000000, Load base: 0x00000000, Size: 0x0000146c, Max: 0xffffffff, ABSOLUTE)

    Exec Addr    Load Addr    Size         Type   Attr      Idx    E Section Name        Object

    0x00000000   0x00000000   0x0000026c   Data   RO           83    RESET               startup_tm4c123.o
    0x0000026c   0x0000026c   0x00000000   Code   RO          144  * .ARM.Collect$$$$00000000  mc_w.l(entry.o)
    0x0000026c   0x0000026c   0x00000004   Code   RO          151    .ARM.Collect$$$$00000001  mc_w.l(entry2.o)
    0x00000270   0x00000270   0x00000004   Code   RO          154    .ARM.Collect$$$$00000004  mc_w.l(entry5.o)
    0x00000274   0x00000274   0x00000000   Code   RO          156    .ARM.Collect$$$$00000008  mc_w.l(entry7b.o)
    0x00000274   0x00000274   0x00000000   Code   RO          158    .ARM.Collect$$$$0000000A  mc_w.l(entry8b.o)
    0x00000274   0x00000274   0x00000008   Code   RO          159    .ARM.Collect$$$$0000000B  mc_w.l(entry9a.o)
    0x0000027c   0x0000027c   0x00000000   Code   RO          161    .ARM.Collect$$$$0000000D  mc_w.l(entry10a.o)
    0x0000027c   0x0000027c   0x00000000   Code   RO          163    .ARM.Collect$$$$0000000F  mc_w.l(entry11a.o)
    0x0000027c   0x0000027c   0x00000004   Code   RO          152    .ARM.Collect$$$$00002712  mc_w.l(entry2.o)
    0x00000280   0x00000280   0x0000001c   Code   RO            1    .text               main.o
    0x0000029c   0x0000029c   0x0000023c   Code   RO           12    .text               keypad.o
    0x000004d8   0x000004d8   0x00000268   Code   RO           24    .text               lcd.o
    0x00000740   0x00000740   0x000000dc   Code   RO           36    .text               pll.o
    0x0000081c   0x0000081c   0x000005a4   Code   RO           48    .text               calculator.o
    0x00000dc0   0x00000dc0   0x0000027c   Code   RO           65    .text               calculatorengine.o
    0x0000103c   0x0000103c   0x000000fc   Code   RO           84  * .text               startup_tm4c123.o
    0x00001138   0x00001138   0x0000024c   Code   RO           92    .text               system_tm4c123.o
    0x00001384   0x00001384   0x00000024   Code   RO          147    .text               mc_w.l(memcpya.o)
    0x000013a8   0x000013a8   0x00000024   Code   RO          165    .text               mc_w.l(init.o)
    0x000013cc   0x000013cc   0x0000000e   Code   RO          169    i.__scatterload_copy  mc_w.l(handlers.o)
    0x000013da   0x000013da   0x00000002   Code   RO          170    i.__scatterload_null  mc_w.l(handlers.o)
    0x000013dc   0x000013dc   0x0000000e   Code   RO          171    i.__scatterload_zeroinit  mc_w.l(handlers.o)
    0x000013ea   0x000013ea   0x00000002   PAD
    0x000013ec   0x000013ec   0x00000048   Data   RO           50    .constdata          calculator.o
    0x00001434   0x00001434   0x00000018   Data   RO           66    .constdata          calculatorengine.o
    0x0000144c   0x0000144c   0x00000020   Data   RO          167    Region$$Table       anon$$obj.o


    Execution Region ER_RW (Exec base: 0x20000000, Load base: 0x0000146c, Size: 0x00000058, Max: 0xffffffff, ABSOLUTE)

    Exec Addr    Load Addr    Size         Type   Attr      Idx    E Section Name        Object

    0x20000000   0x0000146c   0x0000000a   Data   RW           51    .data               calculator.o
    0x2000000a   0x00001476   0x00000002   PAD
    0x2000000c   0x00001478   0x00000048   Data   RW           67    .data               calculatorengine.o
    0x20000054   0x000014c0   0x00000004   Data   RW           93    .data               system_tm4c123.o


    Execution Region ER_ZI (Exec base: 0x20000058, Load base: 0x000014c4, Size: 0x00000300, Max: 0xffffffff, ABSOLUTE)

    Exec Addr    Load Addr    Size         Type   Attr      Idx    E Section Name        Object

    0x20000058        -       0x00000100   Zero   RW           49    .bss                calculator.o
    0x20000158        -       0x00000200   Zero   RW           81    STACK               startup_tm4c123.o


==============================================================================

Image component sizes


      Code (inc. data)   RO Data    RW Data    ZI Data      Debug   Object Name

      1444        162         72         10        256       4256   calculator.o
       636         62         24         72          0       3306   calculatorengine.o
       572         50          0          0          0       2461   keypad.o
       616         34          0          0          0       2777   lcd.o
        28          0          0          0          0       1919   main.o
       220          6          0          0          0       1484   pll.o
       252         10        620          0        512       5480   startup_tm4c123.o
       588        134          0          4          0       4633   system_tm4c123.o

    ----------------------------------------------------------------------
      4356        458        748         88        768      26316   Object Totals
         0          0         32          0          0          0   (incl. Generated)
         0          0          0          2          0          0   (incl. Padding)

    ----------------------------------------------------------------------

      Code (inc. data)   RO Data    RW Data    ZI Data      Debug   Library Member Name

         0          0          0          0          0          0   entry.o
         0          0          0          0          0          0   entry10a.o
         0          0          0          0          0          0   entry11a.o
         8          4          0          0          0          0   entry2.o
         4          0          0          0          0          0   entry5.o
         0          0          0          0          0          0   entry7b.o
         0          0          0          0          0          0   entry8b.o
         8          4          0          0          0          0   entry9a.o
        30          0          0          0          0          0   handlers.o
        36          8          0          0          0         68   init.o
        36          0          0          0          0         68   memcpya.o

    ----------------------------------------------------------------------
       124         16          0          0          0        136   Library Totals
         2          0          0          0          0          0   (incl. Padding)

    ----------------------------------------------------------------------

      Code (inc. data)   RO Data    RW Data    ZI Data      Debug   Library Name

       122         16          0          0          0        136   mc_w.l

    ----------------------------------------------------------------------
       124         16          0          0          0        136   Library Totals

    ----------------------------------------------------------------------

==============================================================================


      Code (inc. data)   RO Data    RW Data    ZI Data      Debug   

      4480        474        748         88        768      25256   Grand Totals
      4480        474        748         88        768      25256   ELF Image Totals
      4480        474        748         88          0          0   ROM Totals

==============================================================================

    Total RO  Size (Code + RO Data)                 5228 (   5.11kB)
    Total RW  Size (RW Data + ZI Data)               856 (   0.84kB)
    Total ROM Size (Code + RO Data + RW Data)       5316 (   5.19kB)

==============================================================================

